---
source: tests/insta.rs
expression: formatted
---
Hello {
    hello: hi,

    PI: [3.14, 3],
}

